******************************************************************************
                  TI ARM Linker PC v20.2.7                     
******************************************************************************
>> Linked Sat Dec  7 14:18:08 2024

OUTPUT FILE NAME:   <hello.out>
ENTRY POINT SYMBOL: "_c_int00_noargs"  address: 00000dd1


MEMORY CONFIGURATION

         name            origin    length      used     unused   attr    fill
----------------------  --------  ---------  --------  --------  ----  --------
  FLASH                 00000000   00040000  0000134e  0003ecb2  R  X
  SRAM                  20000000   00008000  000004d2  00007b2e  RW X


SEGMENT ALLOCATION MAP

run origin  load origin   length   init length attrs members
----------  ----------- ---------- ----------- ----- -------
00000000    00000000    00001350   00001350    r-x
  00000000    00000000    0000026c   0000026c    r-- .intvecs
  0000026c    0000026c    00000eae   00000eae    r-x .text
  0000111c    0000111c    000001ec   000001ec    r-- .const
  00001308    00001308    00000048   00000048    r-- .cinit
20000000    20000000    000004d8   00000000    rw-
  20000000    20000000    0000026c   00000000    rw- .vtable
  20000270    20000270    00000200   00000000    rw- .stack
  20000470    20000470    0000004a   00000000    rw- .bss
  200004bc    200004bc    0000001c   00000000    rw- .data


SECTION ALLOCATION MAP

 output                                  attributes/
section   page    origin      length       input sections
--------  ----  ----------  ----------   ----------------
.intvecs   0    00000000    0000026c     
                  00000000    0000026c     startup_ccs.obj (.intvecs)

.text      0    0000026c    00000eae     
                  0000026c    00000132     driverlib.lib : gpio.obj (.text:GPIOPadConfigSet)
                  0000039e    00000002     startup_ccs.obj (.text:FaultISR)
                  000003a0    00000110     driverlib.lib : sysctl.obj (.text:SysCtlClockGet)
                  000004b0    00000110     hello.obj (.text:UART1_Init)
                  000005c0    000000f4     driverlib.lib : sysctl.obj (.text:SysCtlClockSet)
                  000006b4    000000ac     hello.obj (.text:Read_GPIO_Input)
                  00000760    0000009c     hello.obj (.text:SysTick_Handler)
                  000007fc    0000009c     rtsv7M4_T_le_v4SPD16_eabi.lib : memcpy_t2.asm.obj (.text)
                  00000898    0000008c     hello.obj (.text:GPIO_Init)
                  00000924    00000088     hello.obj (.text:UART5_Init)
                  000009ac    00000070     hello.obj (.text:UART5_Handler)
                  00000a1c    0000006c     hello.obj (.text:LED_Init)
                  00000a88    00000068     driverlib.lib : interrupt.obj (.text:IntEnable)
                  00000af0    00000068     rtsv7M4_T_le_v4SPD16_eabi.lib : copy_decompress_lzss.c.obj (.text:decompress:lzss:__TI_decompress_lzss)
                  00000b58    0000004e     hello.obj (.text:TestLEDs)
                  00000ba6    00000002     startup_ccs.obj (.text:IntDefaultHandler)
                  00000ba8    00000048     driverlib.lib : gpio.obj (.text:GPIOPinConfigure)
                  00000bf0    00000046                   : uart.obj (.text:UARTConfigSetExpClk)
                  00000c36    00000002     startup_ccs.obj (.text:NmiSR)
                  00000c38    00000044     rtsv7M4_T_le_v4SPD16_eabi.lib : autoinit.c.obj (.text:__TI_auto_init_nobinit_nopinit:__TI_auto_init_nobinit_nopinit)
                  00000c7c    00000040     hello.obj (.text:Calculate_Average_Times10_RoundedUp)
                  00000cbc    00000040     driverlib.lib : uart.obj (.text:_UARTIntNumberGet)
                  00000cfc    00000038                   : sysctl.obj (.text:SysCtlPeripheralReady)
                  00000d34    00000034                   : interrupt.obj (.text:IntRegister)
                  00000d68    00000034                   : sysctl.obj (.text:SysCtlPeripheralEnable)
                  00000d9c    00000034     hello.obj (.text:UART1_Handler)
                  00000dd0    00000034     rtsv7M4_T_le_v4SPD16_eabi.lib : boot_cortex_m.c.obj (.text:_c_int00_noargs:_c_int00_noargs)
                  00000e04    00000034     hello.obj (.text:main)
                  00000e38    0000002c     hello.obj (.text:CircularBuffer_Add)
                  00000e64    0000002a     driverlib.lib : gpio.obj (.text:GPIODirModeSet)
                  00000e8e    00000002     --HOLE-- [fill = 0]
                  00000e90    00000024     hello.obj (.text:SysTick_Init)
                  00000eb4    00000020     driverlib.lib : uart.obj (.text:UARTDisable)
                  00000ed4    0000001c                   : systick.obj (.text:SysTickIntRegister)
                  00000ef0    0000001c     rtsv7M4_T_le_v4SPD16_eabi.lib : copy_zero_init.c.obj (.text:decompress:ZI:__TI_zero_init_nomemset:__TI_zero_init_nomemset)
                  00000f0c    0000001a     hello.obj (.text:Get_Most_Significant_Bit)
                  00000f26    00000018     driverlib.lib : gpio.obj (.text:GPIOPinTypeGPIOOutput)
                  00000f3e    00000018                   : uart.obj (.text:UARTIntRegister)
                  00000f56    00000002     --HOLE-- [fill = 0]
                  00000f58    00000014                   : systick.obj (.text:SysTickDisable)
                  00000f6c    00000014                   : systick.obj (.text:SysTickEnable)
                  00000f80    00000014                   : systick.obj (.text:SysTickIntEnable)
                  00000f94    00000014     hello.obj (.text:UART1_SendString)
                  00000fa8    00000014     driverlib.lib : uart.obj (.text:UARTEnable)
                  00000fbc    00000014     hello.obj (.text:UART_SendString)
                  00000fd0    00000012     driverlib.lib : gpio.obj (.text:GPIOPinTypeGPIOInput)
                  00000fe2    00000012                   : gpio.obj (.text:GPIOPinTypeUART)
                  00000ff4    00000010     hello.obj (.text:GreenLED_Off)
                  00001004    00000010     hello.obj (.text:GreenLED_On)
                  00001014    00000010     driverlib.lib : interrupt.obj (.text:IntMasterEnable)
                  00001024    00000010     hello.obj (.text:RedLED_Off)
                  00001034    00000010     hello.obj (.text:RedLED_On)
                  00001044    00000010     driverlib.lib : systick.obj (.text:SysTickPeriodSet)
                  00001054    00000010     hello.obj (.text:WhiteLED_Off)
                  00001064    00000010     hello.obj (.text:WhiteLED_On)
                  00001074    0000000e     driverlib.lib : uart.obj (.text:UARTCharGetNonBlocking)
                  00001082    0000000e                   : uart.obj (.text:UARTCharsAvail)
                  00001090    0000000e     rtsv7M4_T_le_v4SPD16_eabi.lib : copy_decompress_none.c.obj (.text:decompress:none:__TI_decompress_none)
                  0000109e    0000000c     driverlib.lib : cpu.obj (.text:CPUcpsie)
                  000010aa    0000000c     hello.obj (.text:CircularBuffer_Init)
                  000010b6    00000002     --HOLE-- [fill = 0]
                  000010b8    0000000c     hello.obj (.text:UART1_SendChar)
                  000010c4    0000000c     hello.obj (.text:UART_SendChar)
                  000010d0    0000000a     driverlib.lib : uart.obj (.text:UARTCharGet)
                  000010da    0000000a                   : uart.obj (.text:UARTCharPut)
                  000010e4    0000000a                   : uart.obj (.text:UARTIntStatus)
                  000010ee    00000008                   : uart.obj (.text:UARTIntEnable)
                  000010f6    00000006                   : gpio.obj (.text:GPIOPinRead)
                  000010fc    00000006                   : gpio.obj (.text:GPIOPinWrite)
                  00001102    00000006     startup_ccs.obj (.text:ResetISR)
                  00001108    00000006     driverlib.lib : sysctl.obj (.text:SysCtlDelay)
                  0000110e    00000004                   : uart.obj (.text:UARTIntClear)
                  00001112    00000004     rtsv7M4_T_le_v4SPD16_eabi.lib : pre_init.c.obj (.text:_system_pre_init)
                  00001116    00000004                                   : exit.c.obj (.text:abort:abort)

.const     0    0000111c    000001ec     
                  0000111c    00000090     driverlib.lib : gpio.obj (.const:g_pui32GPIOBaseAddrs)
                  000011ac    00000070                   : interrupt.obj (.const)
                  0000121c    0000006c                   : sysctl.obj (.const:g_pui32Xtals)
                  00001288    00000040                   : uart.obj (.const:g_ppui32UARTIntMap)
                  000012c8    00000040                   : uart.obj (.const:g_ppui32UARTIntMapSnowflake)

.cinit     0    00001308    00000048     
                  00001308    00000010     (.cinit..data.load) [load image, compression = lzss]
                  00001318    0000000c     (__TI_handler_table)
                  00001324    00000004     --HOLE-- [fill = 0]
                  00001328    00000008     (.cinit..bss.load) [load image, compression = zero_init]
                  00001330    00000008     (.cinit..vtable.load) [load image, compression = zero_init]
                  00001338    00000018     (__TI_cinit_table)

.init_array 
*          0    00000000    00000000     UNINITIALIZED

.vtable    0    20000000    0000026c     UNINITIALIZED
                  20000000    0000026c     driverlib.lib : interrupt.obj (.vtable)

.bss       0    20000470    0000004a     UNINITIALIZED
                  20000470    0000002a     (.common:cb)
                  2000049a    00000020     (.common:uartBuffer)

.data      0    200004bc    0000001c     UNINITIALIZED
                  200004bc    0000001c     hello.obj (.data)

.stack     0    20000270    00000200     UNINITIALIZED
                  20000270    00000004     rtsv7M4_T_le_v4SPD16_eabi.lib : boot_cortex_m.c.obj (.stack)
                  20000274    000001fc     --HOLE--

__llvm_prf_cnts 
*          0    20000000    00000000     UNINITIALIZED

MODULE SUMMARY

       Module                       code   ro data   rw data
       ------                       ----   -------   -------
    .\
       hello.obj                    1620   0         102    
       startup_ccs.obj              12     620       0      
    +--+----------------------------+------+---------+---------+
       Total:                       1632   620       102    
                                                            
    C:/ti/tivaware_c_series_2_1_4_178/driverlib/ccs/Debug/driverlib.lib
       interrupt.obj                172    112       620    
       sysctl.obj                   630    108       0      
       gpio.obj                     492    144       0      
       uart.obj                     280    128       0      
       systick.obj                  104    0         0      
       cpu.obj                      12     0         0      
    +--+----------------------------+------+---------+---------+
       Total:                       1690   492       620    
                                                            
    C:\ti\ccs1280\ccs\tools\compiler\ti-cgt-arm_20.2.7.LTS\lib\rtsv7M4_T_le_v4SPD16_eabi.lib
       memcpy_t2.asm.obj            156    0         0      
       copy_decompress_lzss.c.obj   104    0         0      
       autoinit.c.obj               68     0         0      
       boot_cortex_m.c.obj          52     0         0      
       copy_zero_init.c.obj         28     0         0      
       copy_decompress_none.c.obj   14     0         0      
       exit.c.obj                   4      0         0      
       pre_init.c.obj               4      0         0      
    +--+----------------------------+------+---------+---------+
       Total:                       430    0         0      
                                                            
       Stack:                       0      0         512    
       Linker Generated:            0      68        0      
    +--+----------------------------+------+---------+---------+
       Grand Total:                 3752   1180      1234   


LINKER GENERATED COPY TABLES

__TI_cinit_table @ 00001338 records: 3, size/record: 8, table size: 24
	.data: load addr=00001308, load size=00000010 bytes, run addr=200004bc, run size=0000001c bytes, compression=lzss
	.bss: load addr=00001328, load size=00000008 bytes, run addr=20000470, run size=0000004a bytes, compression=zero_init
	.vtable: load addr=00001330, load size=00000008 bytes, run addr=20000000, run size=0000026c bytes, compression=zero_init


LINKER GENERATED HANDLER TABLE

__TI_handler_table @ 00001318 records: 3, size/record: 4, table size: 12
	index: 0, handler: __TI_zero_init
	index: 1, handler: __TI_decompress_lzss
	index: 2, handler: __TI_decompress_none


GLOBAL SYMBOLS: SORTED ALPHABETICALLY BY Name 

address   name                               
-------   ----                               
00001117  C$$EXIT                            
0000109f  CPUcpsie                           
00000c7d  Calculate_Average_Times10_RoundedUp
00000e39  CircularBuffer_Add                 
000010ab  CircularBuffer_Init                
00000e65  GPIODirModeSet                     
0000026d  GPIOPadConfigSet                   
00000ba9  GPIOPinConfigure                   
000010f7  GPIOPinRead                        
00000fd1  GPIOPinTypeGPIOInput               
00000f27  GPIOPinTypeGPIOOutput              
00000fe3  GPIOPinTypeUART                    
000010fd  GPIOPinWrite                       
00000899  GPIO_Init                          
00000f0d  Get_Most_Significant_Bit           
00000ff5  GreenLED_Off                       
00001005  GreenLED_On                        
00000a89  IntEnable                          
00001015  IntMasterEnable                    
00000d35  IntRegister                        
00000a1d  LED_Init                           
000006b5  Read_GPIO_Input                    
00001025  RedLED_Off                         
00001035  RedLED_On                          
00001103  ResetISR                           
000003a1  SysCtlClockGet                     
000005c1  SysCtlClockSet                     
00001109  SysCtlDelay                        
00000d69  SysCtlPeripheralEnable             
00000cfd  SysCtlPeripheralReady              
00000f59  SysTickDisable                     
00000f6d  SysTickEnable                      
00000f81  SysTickIntEnable                   
00000ed5  SysTickIntRegister                 
00001045  SysTickPeriodSet                   
00000761  SysTick_Handler                    
00000e91  SysTick_Init                       
00000b59  TestLEDs                           
00000d9d  UART1_Handler                      
000004b1  UART1_Init                         
000010b9  UART1_SendChar                     
00000f95  UART1_SendString                   
000009ad  UART5_Handler                      
00000925  UART5_Init                         
000010d1  UARTCharGet                        
00001075  UARTCharGetNonBlocking             
000010db  UARTCharPut                        
00001083  UARTCharsAvail                     
00000bf1  UARTConfigSetExpClk                
00000eb5  UARTDisable                        
00000fa9  UARTEnable                         
0000110f  UARTIntClear                       
000010ef  UARTIntEnable                      
00000f3f  UARTIntRegister                    
000010e5  UARTIntStatus                      
000010c5  UART_SendChar                      
00000fbd  UART_SendString                    
00001055  WhiteLED_Off                       
00001065  WhiteLED_On                        
20000470  __STACK_END                        
00000200  __STACK_SIZE                       
20000470  __STACK_TOP                        
00001338  __TI_CINIT_Base                    
00001350  __TI_CINIT_Limit                   
00001318  __TI_Handler_Table_Base            
00001324  __TI_Handler_Table_Limit           
00000c39  __TI_auto_init_nobinit_nopinit     
00000af1  __TI_decompress_lzss               
00001091  __TI_decompress_none               
ffffffff  __TI_pprof_out_hndl                
ffffffff  __TI_prof_data_size                
ffffffff  __TI_prof_data_start               
00000000  __TI_static_base__                 
00000ef1  __TI_zero_init_nomemset            
000007fd  __aeabi_memcpy                     
000007fd  __aeabi_memcpy4                    
000007fd  __aeabi_memcpy8                    
ffffffff  __binit__                          
ffffffff  __c_args__                         
UNDEFED   __mpu_init                         
20000270  __stack                            
20000000  __start___llvm_prf_cnts            
20000000  __stop___llvm_prf_cnts             
00000dd1  _c_int00_noargs                    
UNDEFED   _system_post_cinit                 
00001113  _system_pre_init                   
00001117  abort                              
200004d0  averageInputsCounter               
ffffffff  binit                              
20000470  cb                                 
200004bc  currentState                       
200004c8  elapsed_time                       
20000000  g_pfnRAMVectors                    
00000000  g_pfnVectors                       
00000e05  main                               
000007fd  memcpy                             
200004c4  messageReady                       
200004cc  readInputsCounter                  
2000049a  uartBuffer                         
200004c0  uartIndex                          


GLOBAL SYMBOLS: SORTED BY Symbol Address 

address   name                               
-------   ----                               
00000000  __TI_static_base__                 
00000000  g_pfnVectors                       
00000200  __STACK_SIZE                       
0000026d  GPIOPadConfigSet                   
000003a1  SysCtlClockGet                     
000004b1  UART1_Init                         
000005c1  SysCtlClockSet                     
000006b5  Read_GPIO_Input                    
00000761  SysTick_Handler                    
000007fd  __aeabi_memcpy                     
000007fd  __aeabi_memcpy4                    
000007fd  __aeabi_memcpy8                    
000007fd  memcpy                             
00000899  GPIO_Init                          
00000925  UART5_Init                         
000009ad  UART5_Handler                      
00000a1d  LED_Init                           
00000a89  IntEnable                          
00000af1  __TI_decompress_lzss               
00000b59  TestLEDs                           
00000ba9  GPIOPinConfigure                   
00000bf1  UARTConfigSetExpClk                
00000c39  __TI_auto_init_nobinit_nopinit     
00000c7d  Calculate_Average_Times10_RoundedUp
00000cfd  SysCtlPeripheralReady              
00000d35  IntRegister                        
00000d69  SysCtlPeripheralEnable             
00000d9d  UART1_Handler                      
00000dd1  _c_int00_noargs                    
00000e05  main                               
00000e39  CircularBuffer_Add                 
00000e65  GPIODirModeSet                     
00000e91  SysTick_Init                       
00000eb5  UARTDisable                        
00000ed5  SysTickIntRegister                 
00000ef1  __TI_zero_init_nomemset            
00000f0d  Get_Most_Significant_Bit           
00000f27  GPIOPinTypeGPIOOutput              
00000f3f  UARTIntRegister                    
00000f59  SysTickDisable                     
00000f6d  SysTickEnable                      
00000f81  SysTickIntEnable                   
00000f95  UART1_SendString                   
00000fa9  UARTEnable                         
00000fbd  UART_SendString                    
00000fd1  GPIOPinTypeGPIOInput               
00000fe3  GPIOPinTypeUART                    
00000ff5  GreenLED_Off                       
00001005  GreenLED_On                        
00001015  IntMasterEnable                    
00001025  RedLED_Off                         
00001035  RedLED_On                          
00001045  SysTickPeriodSet                   
00001055  WhiteLED_Off                       
00001065  WhiteLED_On                        
00001075  UARTCharGetNonBlocking             
00001083  UARTCharsAvail                     
00001091  __TI_decompress_none               
0000109f  CPUcpsie                           
000010ab  CircularBuffer_Init                
000010b9  UART1_SendChar                     
000010c5  UART_SendChar                      
000010d1  UARTCharGet                        
000010db  UARTCharPut                        
000010e5  UARTIntStatus                      
000010ef  UARTIntEnable                      
000010f7  GPIOPinRead                        
000010fd  GPIOPinWrite                       
00001103  ResetISR                           
00001109  SysCtlDelay                        
0000110f  UARTIntClear                       
00001113  _system_pre_init                   
00001117  C$$EXIT                            
00001117  abort                              
00001318  __TI_Handler_Table_Base            
00001324  __TI_Handler_Table_Limit           
00001338  __TI_CINIT_Base                    
00001350  __TI_CINIT_Limit                   
20000000  __start___llvm_prf_cnts            
20000000  __stop___llvm_prf_cnts             
20000000  g_pfnRAMVectors                    
20000270  __stack                            
20000470  __STACK_END                        
20000470  __STACK_TOP                        
20000470  cb                                 
2000049a  uartBuffer                         
200004bc  currentState                       
200004c0  uartIndex                          
200004c4  messageReady                       
200004c8  elapsed_time                       
200004cc  readInputsCounter                  
200004d0  averageInputsCounter               
ffffffff  __TI_pprof_out_hndl                
ffffffff  __TI_prof_data_size                
ffffffff  __TI_prof_data_start               
ffffffff  __binit__                          
ffffffff  __c_args__                         
ffffffff  binit                              
UNDEFED   __mpu_init                         
UNDEFED   _system_post_cinit                 

[100 symbols]
