******************************************************************************
                  TI ARM Linker PC v20.2.7                     
******************************************************************************
>> Linked Sat Dec  7 11:51:09 2024

OUTPUT FILE NAME:   <hello.out>
ENTRY POINT SYMBOL: "_c_int00_noinit_noargs"  address: 00000aa1


MEMORY CONFIGURATION

         name            origin    length      used     unused   attr    fill
----------------------  --------  ---------  --------  --------  ----  --------
  FLASH                 00000000   00040000  00000cc8  0003f338  R  X
  SRAM                  20000000   00008000  00000200  00007e00  RW X


SEGMENT ALLOCATION MAP

run origin  load origin   length   init length attrs members
----------  ----------- ---------- ----------- ----- -------
00000000    00000000    00000cc8   00000cc8    r-x
  00000000    00000000    0000026c   0000026c    r-- .intvecs
  0000026c    0000026c    00000960   00000960    r-x .text
  00000bcc    00000bcc    000000fc   000000fc    r-- .const
20000000    20000000    00000200   00000000    rw-
  20000000    20000000    00000200   00000000    rw- .stack


SECTION ALLOCATION MAP

 output                                  attributes/
section   page    origin      length       input sections
--------  ----  ----------  ----------   ----------------
.intvecs   0    00000000    0000026c     
                  00000000    0000026c     startup_ccs.obj (.intvecs)

.text      0    0000026c    00000960     
                  0000026c    00000132     driverlib.lib : gpio.obj (.text:GPIOPadConfigSet)
                  0000039e    00000002     startup_ccs.obj (.text:FaultISR)
                  000003a0    00000130     hello.obj (.text:main)
                  000004d0    00000110     driverlib.lib : sysctl.obj (.text:SysCtlClockGet)
                  000005e0    000000f4                   : sysctl.obj (.text:SysCtlClockSet)
                  000006d4    000000ac     hello.obj (.text:Read_GPIO_Input)
                  00000780    0000008c     hello.obj (.text:GPIO_Init)
                  0000080c    00000068     hello.obj (.text:UART5_Init)
                  00000874    00000064     hello.obj (.text:UART1_Init)
                  000008d8    00000060     hello.obj (.text:UART_Init)
                  00000938    00000048     driverlib.lib : gpio.obj (.text:GPIOPinConfigure)
                  00000980    00000046                   : uart.obj (.text:UARTConfigSetExpClk)
                  000009c6    00000040     hello.obj (.text:Calculate_Average_Times10_RoundedUp)
                  00000a06    00000002     startup_ccs.obj (.text:IntDefaultHandler)
                  00000a08    00000038     driverlib.lib : sysctl.obj (.text:SysCtlPeripheralReady)
                  00000a40    00000034                   : sysctl.obj (.text:SysCtlPeripheralEnable)
                  00000a74    0000002c     hello.obj (.text:CircularBuffer_Add)
                  00000aa0    0000002c     rtsv7M4_T_le_v4SPD16_eabi.lib : boot_cortex_m.c.obj (.text:_c_int00_noinit_noargs:_c_int00_noinit_noargs)
                  00000acc    0000002a     driverlib.lib : gpio.obj (.text:GPIODirModeSet)
                  00000af6    00000002     startup_ccs.obj (.text:NmiSR)
                  00000af8    00000020     driverlib.lib : uart.obj (.text:UARTDisable)
                  00000b18    0000001a     hello.obj (.text:Get_Most_Significant_Bit)
                  00000b32    00000014     driverlib.lib : uart.obj (.text:UARTEnable)
                  00000b46    00000014     hello.obj (.text:UART_SendString)
                  00000b5a    00000012     driverlib.lib : gpio.obj (.text:GPIOPinTypeGPIOInput)
                  00000b6c    00000012                   : gpio.obj (.text:GPIOPinTypeUART)
                  00000b7e    00000010     hello.obj (.text:Delay)
                  00000b8e    0000000c     hello.obj (.text:CircularBuffer_Init)
                  00000b9a    00000002     --HOLE-- [fill = 0]
                  00000b9c    0000000c     hello.obj (.text:UART_SendChar)
                  00000ba8    0000000a     driverlib.lib : uart.obj (.text:UARTCharPut)
                  00000bb2    00000006                   : gpio.obj (.text:GPIOPinRead)
                  00000bb8    00000006     startup_ccs.obj (.text:ResetISR)
                  00000bbe    00000006     driverlib.lib : sysctl.obj (.text:SysCtlDelay)
                  00000bc4    00000004     rtsv7M4_T_le_v4SPD16_eabi.lib : pre_init.c.obj (.text:_system_pre_init)
                  00000bc8    00000004                                   : exit.c.obj (.text:abort:abort)

.const     0    00000bcc    000000fc     
                  00000bcc    00000090     driverlib.lib : gpio.obj (.const:g_pui32GPIOBaseAddrs)
                  00000c5c    0000006c                   : sysctl.obj (.const:g_pui32Xtals)

.cinit     0    00000000    00000000     UNINITIALIZED

.init_array 
*          0    00000000    00000000     UNINITIALIZED

.stack     0    20000000    00000200     UNINITIALIZED
                  20000000    00000004     rtsv7M4_T_le_v4SPD16_eabi.lib : boot_cortex_m.c.obj (.stack)
                  20000004    000001fc     --HOLE--

__llvm_prf_cnts 
*          0    20000000    00000000     UNINITIALIZED

MODULE SUMMARY

       Module                code   ro data   rw data
       ------                ----   -------   -------
    .\
       hello.obj             1110   0         0      
       startup_ccs.obj       12     620       0      
    +--+---------------------+------+---------+---------+
       Total:                1122   620       0      
                                                     
    C:/ti/tivaware_c_series_2_1_4_178/driverlib/ccs/Debug/driverlib.lib
       sysctl.obj            630    108       0      
       gpio.obj              462    144       0      
       uart.obj              132    0         0      
    +--+---------------------+------+---------+---------+
       Total:                1224   252       0      
                                                     
    C:\ti\ccs1280\ccs\tools\compiler\ti-cgt-arm_20.2.7.LTS\lib\rtsv7M4_T_le_v4SPD16_eabi.lib
       boot_cortex_m.c.obj   44     0         0      
       exit.c.obj            4      0         0      
       pre_init.c.obj        4      0         0      
    +--+---------------------+------+---------+---------+
       Total:                52     0         0      
                                                     
       Stack:                0      0         512    
    +--+---------------------+------+---------+---------+
       Grand Total:          2398   872       512    


GLOBAL SYMBOLS: SORTED ALPHABETICALLY BY Name 

address   name                               
-------   ----                               
00000bc9  C$$EXIT                            
000009c7  Calculate_Average_Times10_RoundedUp
00000a75  CircularBuffer_Add                 
00000b8f  CircularBuffer_Init                
00000b7f  Delay                              
00000acd  GPIODirModeSet                     
0000026d  GPIOPadConfigSet                   
00000939  GPIOPinConfigure                   
00000bb3  GPIOPinRead                        
00000b5b  GPIOPinTypeGPIOInput               
00000b6d  GPIOPinTypeUART                    
00000781  GPIO_Init                          
00000b19  Get_Most_Significant_Bit           
000006d5  Read_GPIO_Input                    
00000bb9  ResetISR                           
000004d1  SysCtlClockGet                     
000005e1  SysCtlClockSet                     
00000bbf  SysCtlDelay                        
00000a41  SysCtlPeripheralEnable             
00000a09  SysCtlPeripheralReady              
00000875  UART1_Init                         
0000080d  UART5_Init                         
00000ba9  UARTCharPut                        
00000981  UARTConfigSetExpClk                
00000af9  UARTDisable                        
00000b33  UARTEnable                         
000008d9  UART_Init                          
00000b9d  UART_SendChar                      
00000b47  UART_SendString                    
20000200  __STACK_END                        
00000200  __STACK_SIZE                       
20000200  __STACK_TOP                        
ffffffff  __TI_pprof_out_hndl                
ffffffff  __TI_prof_data_size                
ffffffff  __TI_prof_data_start               
00000000  __TI_static_base__                 
ffffffff  __binit__                          
ffffffff  __c_args__                         
UNDEFED   __mpu_init                         
20000000  __stack                            
20000000  __start___llvm_prf_cnts            
20000000  __stop___llvm_prf_cnts             
00000aa1  _c_int00_noinit_noargs             
00000bc5  _system_pre_init                   
00000bc9  abort                              
ffffffff  binit                              
00000000  g_pfnVectors                       
000003a1  main                               


GLOBAL SYMBOLS: SORTED BY Symbol Address 

address   name                               
-------   ----                               
00000000  __TI_static_base__                 
00000000  g_pfnVectors                       
00000200  __STACK_SIZE                       
0000026d  GPIOPadConfigSet                   
000003a1  main                               
000004d1  SysCtlClockGet                     
000005e1  SysCtlClockSet                     
000006d5  Read_GPIO_Input                    
00000781  GPIO_Init                          
0000080d  UART5_Init                         
00000875  UART1_Init                         
000008d9  UART_Init                          
00000939  GPIOPinConfigure                   
00000981  UARTConfigSetExpClk                
000009c7  Calculate_Average_Times10_RoundedUp
00000a09  SysCtlPeripheralReady              
00000a41  SysCtlPeripheralEnable             
00000a75  CircularBuffer_Add                 
00000aa1  _c_int00_noinit_noargs             
00000acd  GPIODirModeSet                     
00000af9  UARTDisable                        
00000b19  Get_Most_Significant_Bit           
00000b33  UARTEnable                         
00000b47  UART_SendString                    
00000b5b  GPIOPinTypeGPIOInput               
00000b6d  GPIOPinTypeUART                    
00000b7f  Delay                              
00000b8f  CircularBuffer_Init                
00000b9d  UART_SendChar                      
00000ba9  UARTCharPut                        
00000bb3  GPIOPinRead                        
00000bb9  ResetISR                           
00000bbf  SysCtlDelay                        
00000bc5  _system_pre_init                   
00000bc9  C$$EXIT                            
00000bc9  abort                              
20000000  __stack                            
20000000  __start___llvm_prf_cnts            
20000000  __stop___llvm_prf_cnts             
20000200  __STACK_END                        
20000200  __STACK_TOP                        
ffffffff  __TI_pprof_out_hndl                
ffffffff  __TI_prof_data_size                
ffffffff  __TI_prof_data_start               
ffffffff  __binit__                          
ffffffff  __c_args__                         
ffffffff  binit                              
UNDEFED   __mpu_init                         

[48 symbols]
