******************************************************************************
                  TI ARM Linker PC v20.2.7                     
******************************************************************************
>> Linked Sat Nov 30 02:41:41 2024

OUTPUT FILE NAME:   <hello.out>
ENTRY POINT SYMBOL: "_c_int00_noinit_noargs"  address: 00000869


MEMORY CONFIGURATION

         name            origin    length      used     unused   attr    fill
----------------------  --------  ---------  --------  --------  ----  --------
  FLASH                 00000000   00040000  00000a58  0003f5a8  R  X
  SRAM                  20000000   00008000  00000200  00007e00  RW X


SEGMENT ALLOCATION MAP

run origin  load origin   length   init length attrs members
----------  ----------- ---------- ----------- ----- -------
00000000    00000000    00000a58   00000a58    r-x
  00000000    00000000    0000026c   0000026c    r-- .intvecs
  0000026c    0000026c    000006f0   000006f0    r-x .text
  0000095c    0000095c    000000fc   000000fc    r-- .const
20000000    20000000    00000200   00000000    rw-
  20000000    20000000    00000200   00000000    rw- .stack


SECTION ALLOCATION MAP

 output                                  attributes/
section   page    origin      length       input sections
--------  ----  ----------  ----------   ----------------
.intvecs   0    00000000    0000026c     
                  00000000    0000026c     startup_ccs.obj (.intvecs)

.text      0    0000026c    000006f0     
                  0000026c    00000132     driverlib.lib : gpio.obj (.text:GPIOPadConfigSet)
                  0000039e    00000002     startup_ccs.obj (.text:FaultISR)
                  000003a0    00000110     driverlib.lib : sysctl.obj (.text:SysCtlClockGet)
                  000004b0    000000f4                   : sysctl.obj (.text:SysCtlClockSet)
                  000005a4    0000008c     hello.obj (.text:GPIO_Init)
                  00000630    00000084     hello.obj (.text:main)
                  000006b4    00000060     hello.obj (.text:UART_Init)
                  00000714    00000058     hello.obj (.text:Read_GPIO_Input)
                  0000076c    00000048     driverlib.lib : gpio.obj (.text:GPIOPinConfigure)
                  000007b4    00000046                   : uart.obj (.text:UARTConfigSetExpClk)
                  000007fa    00000002     startup_ccs.obj (.text:IntDefaultHandler)
                  000007fc    00000038     driverlib.lib : sysctl.obj (.text:SysCtlPeripheralReady)
                  00000834    00000034                   : sysctl.obj (.text:SysCtlPeripheralEnable)
                  00000868    0000002c     rtsv7M4_T_le_v4SPD16_eabi.lib : boot_cortex_m.c.obj (.text:_c_int00_noinit_noargs:_c_int00_noinit_noargs)
                  00000894    0000002a     driverlib.lib : gpio.obj (.text:GPIODirModeSet)
                  000008be    00000002     startup_ccs.obj (.text:NmiSR)
                  000008c0    00000020     driverlib.lib : uart.obj (.text:UARTDisable)
                  000008e0    00000014                   : uart.obj (.text:UARTEnable)
                  000008f4    00000014     hello.obj (.text:UART_SendString)
                  00000908    00000012     driverlib.lib : gpio.obj (.text:GPIOPinTypeGPIOInput)
                  0000091a    00000012                   : gpio.obj (.text:GPIOPinTypeUART)
                  0000092c    0000000c     hello.obj (.text:UART_SendChar)
                  00000938    0000000a     driverlib.lib : uart.obj (.text:UARTCharPut)
                  00000942    00000006                   : gpio.obj (.text:GPIOPinRead)
                  00000948    00000006     startup_ccs.obj (.text:ResetISR)
                  0000094e    00000006     driverlib.lib : sysctl.obj (.text:SysCtlDelay)
                  00000954    00000004     rtsv7M4_T_le_v4SPD16_eabi.lib : pre_init.c.obj (.text:_system_pre_init)
                  00000958    00000004                                   : exit.c.obj (.text:abort:abort)

.const     0    0000095c    000000fc     
                  0000095c    00000090     driverlib.lib : gpio.obj (.const:g_pui32GPIOBaseAddrs)
                  000009ec    0000006c                   : sysctl.obj (.const:g_pui32Xtals)

.cinit     0    00000000    00000000     UNINITIALIZED

.init_array 
*          0    00000000    00000000     UNINITIALIZED

.stack     0    20000000    00000200     UNINITIALIZED
                  20000000    00000004     rtsv7M4_T_le_v4SPD16_eabi.lib : boot_cortex_m.c.obj (.stack)
                  20000004    000001fc     --HOLE--

__llvm_prf_cnts 
*          0    20000000    00000000     UNINITIALIZED

MODULE SUMMARY

       Module                code   ro data   rw data
       ------                ----   -------   -------
    .\
       startup_ccs.obj       12     620       0      
       hello.obj             488    0         0      
    +--+---------------------+------+---------+---------+
       Total:                500    620       0      
                                                     
    C:/ti/tivaware_c_series_2_1_4_178/driverlib/ccs/Debug/driverlib.lib
       sysctl.obj            630    108       0      
       gpio.obj              462    144       0      
       uart.obj              132    0         0      
    +--+---------------------+------+---------+---------+
       Total:                1224   252       0      
                                                     
    C:\ti\ccs1280\ccs\tools\compiler\ti-cgt-arm_20.2.7.LTS\lib\rtsv7M4_T_le_v4SPD16_eabi.lib
       boot_cortex_m.c.obj   44     0         0      
       exit.c.obj            4      0         0      
       pre_init.c.obj        4      0         0      
    +--+---------------------+------+---------+---------+
       Total:                52     0         0      
                                                     
       Stack:                0      0         512    
    +--+---------------------+------+---------+---------+
       Grand Total:          1776   872       512    


GLOBAL SYMBOLS: SORTED ALPHABETICALLY BY Name 

address   name                   
-------   ----                   
00000959  C$$EXIT                
00000895  GPIODirModeSet         
0000026d  GPIOPadConfigSet       
0000076d  GPIOPinConfigure       
00000943  GPIOPinRead            
00000909  GPIOPinTypeGPIOInput   
0000091b  GPIOPinTypeUART        
000005a5  GPIO_Init              
00000715  Read_GPIO_Input        
00000949  ResetISR               
000003a1  SysCtlClockGet         
000004b1  SysCtlClockSet         
0000094f  SysCtlDelay            
00000835  SysCtlPeripheralEnable 
000007fd  SysCtlPeripheralReady  
00000939  UARTCharPut            
000007b5  UARTConfigSetExpClk    
000008c1  UARTDisable            
000008e1  UARTEnable             
000006b5  UART_Init              
0000092d  UART_SendChar          
000008f5  UART_SendString        
20000200  __STACK_END            
00000200  __STACK_SIZE           
20000200  __STACK_TOP            
ffffffff  __TI_pprof_out_hndl    
ffffffff  __TI_prof_data_size    
ffffffff  __TI_prof_data_start   
00000000  __TI_static_base__     
ffffffff  __binit__              
ffffffff  __c_args__             
UNDEFED   __mpu_init             
20000000  __stack                
20000000  __start___llvm_prf_cnts
20000000  __stop___llvm_prf_cnts 
00000869  _c_int00_noinit_noargs 
00000955  _system_pre_init       
00000959  abort                  
ffffffff  binit                  
00000000  g_pfnVectors           
00000631  main                   


GLOBAL SYMBOLS: SORTED BY Symbol Address 

address   name                   
-------   ----                   
00000000  __TI_static_base__     
00000000  g_pfnVectors           
00000200  __STACK_SIZE           
0000026d  GPIOPadConfigSet       
000003a1  SysCtlClockGet         
000004b1  SysCtlClockSet         
000005a5  GPIO_Init              
00000631  main                   
000006b5  UART_Init              
00000715  Read_GPIO_Input        
0000076d  GPIOPinConfigure       
000007b5  UARTConfigSetExpClk    
000007fd  SysCtlPeripheralReady  
00000835  SysCtlPeripheralEnable 
00000869  _c_int00_noinit_noargs 
00000895  GPIODirModeSet         
000008c1  UARTDisable            
000008e1  UARTEnable             
000008f5  UART_SendString        
00000909  GPIOPinTypeGPIOInput   
0000091b  GPIOPinTypeUART        
0000092d  UART_SendChar          
00000939  UARTCharPut            
00000943  GPIOPinRead            
00000949  ResetISR               
0000094f  SysCtlDelay            
00000955  _system_pre_init       
00000959  C$$EXIT                
00000959  abort                  
20000000  __stack                
20000000  __start___llvm_prf_cnts
20000000  __stop___llvm_prf_cnts 
20000200  __STACK_END            
20000200  __STACK_TOP            
ffffffff  __TI_pprof_out_hndl    
ffffffff  __TI_prof_data_size    
ffffffff  __TI_prof_data_start   
ffffffff  __binit__              
ffffffff  __c_args__             
ffffffff  binit                  
UNDEFED   __mpu_init             

[41 symbols]
